ERROR: ld.so: object '/opt/dynatrace/oneagent-paas/agent/lib64/liboneagentproc.so' from LD_PRELOAD cannot be preloaded (cannot open shared object file): ignored.
ERROR: ld.so: object '/opt/dynatrace/oneagent-paas/agent/lib64/liboneagentproc.so' from /etc/ld.so.preload cannot be preloaded (cannot open shared object file): ignored.
ERROR: ld.so: object '/opt/dynatrace/oneagent-paas/agent/lib64/liboneagentproc.so' from LD_PRELOAD cannot be preloaded (cannot open shared object file): ignored.
ERROR: ld.so: object '/opt/dynatrace/oneagent-paas/agent/lib64/liboneagentproc.so' from /etc/ld.so.preload cannot be preloaded (cannot open shared object file): ignored.

             %%
             %%%
          %   %%%                    %%%%                                                                   %%%%
          %%   %%%%               %%     %%                                                                   %%
          %%%%   %%%              %%      %                              %                                    %%
       %%   %%%   %%%%%           %%%%           %%%        %  %%      %%%       %%%        %  %%         %%% %%       %%%       %  %%
   %%%%%%%   %%%% %%%%%%%%          %%%%%%     %%  %%%    %%%   %%%   %%%%%    %%   %%    %%%   %%%    %%%    %%    %%    %%  %%%%%  %
 %%%%%%%%%%%  %%%%%%%%%%%%%            %%%%         %%    %%%    %%    %%%          %%    %%%    %%   %%%     %%   %%%%%%%%%%   %%
 %%%%%%%%%%%%  %%%%%%%%%%%%      %       %%%   %%%%%%%    %%%    %%    %%%     %%%%%%%    %%%    %%   %%%     %%   %%%          %%
  %%%%%%%%%%%%%%%%%%%%%%%%       %%      %%   %%    %%    %%%    %%    %%%    %%    %%    %%%    %%   %%%     %%    %%%         %%
     %%%%%%%%%%%%%%%%%%           %%%%%%%%     %%%% %%%  %%%%% %%%%%%   %%%%   %%%% %%%  %%%%% %%%%%%   %%%%% %%%    %%%%%%   %%%%%%

:: Spring Boot  (v3.5.14) ::                                                                  :: Santander Spring Boot (v1.5.1) ::

2026-06-04T06:48:27.103+02:00  INFO 1 --- [cpe-nxhbsc-beproducoffering] [           main] [                                                 ] c.s.c.n.c.OpenApiGeneratorApplication    : Starting OpenApiGeneratorApplication v1.0.1-SNAPSHOT using Java 17.0.19 with PID 1 (/opt/app/BOOT-INF/classes started by java in /opt/app)
2026-06-04T06:48:27.172+02:00  INFO 1 --- [cpe-nxhbsc-beproducoffering] [           main] [                                                 ] c.s.c.n.c.OpenApiGeneratorApplication    : The following 1 profile is active: "cert"
2026-06-04T06:48:30.683+02:00  INFO 1 --- [cpe-nxhbsc-beproducoffering] [           main] [                                                 ] .s.d.r.c.RepositoryConfigurationDelegate : Bootstrapping Spring Data JPA repositories in DEFAULT mode.
2026-06-04T06:48:30.932+02:00  INFO 1 --- [cpe-nxhbsc-beproducoffering] [           main] [                                                 ] .s.d.r.c.RepositoryConfigurationDelegate : Finished Spring Data repository scanning in 240 ms. Found 1 JPA repository interface.
2026-06-04T06:48:31.572+02:00  INFO 1 --- [cpe-nxhbsc-beproducoffering] [           main] [                                                 ] o.s.c.c.s.GenericScope                   : BeanFactory id=d968476a-9067-3f35-9d02-0ce9f99edd3b
2026-06-04T06:48:33.075+02:00  INFO 1 --- [cpe-nxhbsc-beproducoffering] [           main] [                                                 ] o.s.b.w.e.t.TomcatWebServer              : Tomcat initialized with port 8080 (http)
2026-06-04T06:48:33.087+02:00  INFO 1 --- [cpe-nxhbsc-beproducoffering] [           main] [                                                 ] o.a.c.c.StandardService                  : Starting service [Tomcat]
2026-06-04T06:48:33.087+02:00  INFO 1 --- [cpe-nxhbsc-beproducoffering] [           main] [                                                 ] o.a.c.c.StandardEngine                   : Starting Servlet engine: [Apache Tomcat/10.1.55]
2026-06-04T06:48:33.185+02:00  INFO 1 --- [cpe-nxhbsc-beproducoffering] [           main] [                                                 ] a.c.c.C.[.[.[/v1/customer_card_position] : Initializing Spring embedded WebApplicationContext
2026-06-04T06:48:33.187+02:00  INFO 1 --- [cpe-nxhbsc-beproducoffering] [           main] [                                                 ] w.s.c.ServletWebServerApplicationContext : Root WebApplicationContext: initialization completed in 5912 ms
2026-06-04T06:48:33.271+02:00  INFO 1 --- [cpe-nxhbsc-beproducoffering] [           main] [                                                 ] c.s.f.s.c.c.CoreServletAutoConfig        : Initializing SERVLET configuration for Santander Spring Boot Core library...
2026-06-04T06:48:33.378+02:00  INFO 1 --- [cpe-nxhbsc-beproducoffering] [           main] [                                                 ] c.s.f.s.o.c.OmniChannelServletAutoConfig : Initializing SERVLET configuration for Santander spring Boot  OmniChannel library...
2026-06-04T06:48:33.381+02:00  INFO 1 --- [cpe-nxhbsc-beproducoffering] [           main] [                                                 ] c.s.f.s.o.c.OmniChannelAutoConfig        : Initializing BASE configuration for Santander spring Boot OmniChannel library...
2026-06-04T06:48:33.499+02:00  INFO 1 --- [cpe-nxhbsc-beproducoffering] [           main] [                                                 ] c.s.f.s.o.c.OmniChannelAutoConfig        : Santander Spring Boot OmniChannel config = {ALL={PLR=ContactPoint.ContactPointBuilder(originChannel=PLR, marcoChannel=PLR, environment=INTERNET, logicalChannel=5017, physicalChannel=0060, commercialChannel=RED, operationalChannel=RED, application=, device=, operatingSystem=, medium=, userType=), CIC=ContactPoint.ContactPointBuilder(originChannel=CIC, marcoChannel=CIC, environment=CONTACTCENTER, logicalChannel=0029, physicalChannel=0018, commercialChannel=020, operationalChannel=020, application=, device=, operatingSystem=, medium=, userType=), EMP=ContactPoint.ContactPointBuilder(originChannel=EMP, marcoChannel=EMP, environment=EMPRESAS, logicalChannel=0022, physicalChannel=0018, commercialChannel=014, operationalChannel=014, application=, device=, operatingSystem=, medium=, userType=), INT=ContactPoint.ContactPointBuilder(originChannel=INT, marcoChannel=INT, environment=INTERNET, logicalChannel=0001, physicalChannel=0022, commercialChannel=002, operationalChannel=002, application=, device=, operatingSystem=, medium=, userType=), EMP_MOV=ContactPoint.ContactPointBuilder(originChannel=EMP_MOV, marcoChannel=EMP, environment=EMPRESAS, logicalChannel=0033, physicalChannel=0018, commercialChannel=014, operationalChannel=014, application=, device=, operatingSystem=, medium=, userType=), OBD=ContactPoint.ContactPointBuilder(originChannel=OBD, marcoChannel=INT, environment=INTERNET, logicalChannel=0079, physicalChannel=0099, commercialChannel=002, operationalChannel=002, application=, device=, operatingSystem=, medium=, userType=), RML=ContactPoint.ContactPointBuilder(originChannel=RML, marcoChannel=RML, environment=INTERNET, logicalChannel=0031, physicalChannel=0019, commercialChannel=BML, operationalChannel=BML, application=, device=, operatingSystem=, medium=, userType=), RCA=ContactPoint.ContactPointBuilder(originChannel=RCA, marcoChannel=RCA, environment=INTRANET, logicalChannel=0001, physicalChannel=0018, commercialChannel=RED, operationalChannel=RED, application=, device=, operatingSystem=, medium=, userType=), OFI=ContactPoint.ContactPointBuilder(originChannel=OFI, marcoChannel=OFI, environment=INTRANET, logicalChannel=0007, physicalChannel=0019, commercialChannel=RED, operationalChannel=RED, application=, device=, operatingSystem=, medium=, userType=), PUB=ContactPoint.ContactPointBuilder(originChannel=PUB, marcoChannel=INT, environment=INTERNET, logicalChannel=0080, physicalChannel=0101, commercialChannel=002, operationalChannel=002, application=, device=, operatingSystem=, medium=, userType=)}}
2026-06-04T06:48:34.081+02:00  INFO 1 --- [cpe-nxhbsc-beproducoffering] [           main] [                                                 ] c.s.f.s.l.c.LoggingAutoConfig            : Initializing BASE configuration for Logging library...
2026-06-04T06:48:34.186+02:00  INFO 1 --- [cpe-nxhbsc-beproducoffering] [           main] [                                                 ] c.s.f.s.l.c.LoggingProperties            : Gluonlog Log format configured
2026-06-04T06:48:34.401+02:00  INFO 1 --- [cpe-nxhbsc-beproducoffering] [           main] [                                                 ] c.s.f.s.l.c.LoggingAutoConfig            : Using santander.logging.observability.filter.black-list: [spring.security.authorizations, spring.security.filterchains, spring.security.http.secured.requests, spring.security.http.unsecured.requests]
2026-06-04T06:48:34.840+02:00  WARN 1 --- [cpe-nxhbsc-beproducoffering] [           main] [                                                 ] ConfigServletWebServerApplicationContext : Exception encountered during context initialization - cancelling refresh attempt: org.springframework.beans.factory.UnsatisfiedDependencyException: Error creating bean with name 'org.springframework.boot.autoconfigure.orm.jpa.HibernateJpaConfiguration': Unsatisfied dependency expressed through constructor parameter 0: Error creating bean with name 'dataSource' defined in class path resource [org/springframework/boot/autoconfigure/jdbc/DataSourceConfiguration$Hikari.class]: Failed to instantiate [com.zaxxer.hikari.HikariDataSource]: Factory method 'dataSource' threw exception with message: Cannot load driver class: org.postgresql.Driver
2026-06-04T06:48:34.869+02:00  INFO 1 --- [cpe-nxhbsc-beproducoffering] [           main] [                                                 ] o.a.c.c.StandardService                  : Stopping service [Tomcat]
2026-06-04T06:48:34.892+02:00  INFO 1 --- [cpe-nxhbsc-beproducoffering] [           main] [                                                 ] .s.b.a.l.ConditionEvaluationReportLogger : 

Error starting ApplicationContext. To display the condition evaluation report re-run your application with 'debug' enabled.
2026-06-04T06:48:34.938+02:00 ERROR 1 --- [cpe-nxhbsc-beproducoffering] [           main] [                                                 ] o.s.b.SpringApplication                  : Application run failed

org.springframework.beans.factory.UnsatisfiedDependencyException: Error creating bean with name 'org.springframework.boot.autoconfigure.orm.jpa.HibernateJpaConfiguration': Unsatisfied dependency expressed through constructor parameter 0: Error creating bean with name 'dataSource' defined in class path resource [org/springframework/boot/autoconfigure/jdbc/DataSourceConfiguration$Hikari.class]: Failed to instantiate [com.zaxxer.hikari.HikariDataSource]: Factory method 'dataSource' threw exception with message: Cannot load driver class: org.postgresql.Driver
	at org.springframework.beans.factory.support.ConstructorResolver.createArgumentArray(ConstructorResolver.java:804) ~[spring-beans-6.2.17.jar:6.2.17]
	at org.springframework.beans.factory.support.ConstructorResolver.autowireConstructor(ConstructorResolver.java:240) ~[spring-beans-6.2.17.jar:6.2.17]
	at org.springframework.beans.factory.support.AbstractAutowireCapableBeanFactory.autowireConstructor(AbstractAutowireCapableBeanFactory.java:1395) ~[spring-beans-6.2.17.jar:6.2.17]
	at org.springframework.beans.factory.support.AbstractAutowireCapableBeanFactory.createBeanInstance(AbstractAutowireCapableBeanFactory.java:1232) ~[spring-beans-6.2.17.jar:6.2.17]
	at org.springframework.beans.factory.support.AbstractAutowireCapableBeanFactory.doCreateBean(AbstractAutowireCapableBeanFactory.java:569) ~[spring-beans-6.2.17.jar:6.2.17]
	at org.springframework.beans.factory.support.AbstractAutowireCapableBeanFactory.createBean(AbstractAutowireCapableBeanFactory.java:529) ~[spring-beans-6.2.17.jar:6.2.17]
	at org.springframework.beans.factory.support.AbstractBeanFactory.lambda$doGetBean$0(AbstractBeanFactory.java:339) ~[spring-beans-6.2.17.jar:6.2.17]
	at org.springframework.beans.factory.support.DefaultSingletonBeanRegistry.getSingleton(DefaultSingletonBeanRegistry.java:373) ~[spring-beans-6.2.17.jar:6.2.17]
	at org.springframework.beans.factory.support.AbstractBeanFactory.doGetBean(AbstractBeanFactory.java:337) ~[spring-beans-6.2.17.jar:6.2.17]
	at org.springframework.beans.factory.support.AbstractBeanFactory.getBean(AbstractBeanFactory.java:202) ~[spring-beans-6.2.17.jar:6.2.17]
	at org.springframework.beans.factory.support.ConstructorResolver.instantiateUsingFactoryMethod(ConstructorResolver.java:413) ~[spring-beans-6.2.17.jar:6.2.17]
	at org.springframework.beans.factory.support.AbstractAutowireCapableBeanFactory.instantiateUsingFactoryMethod(AbstractAutowireCapableBeanFactory.java:1375) ~[spring-beans-6.2.17.jar:6.2.17]
	at org.springframework.beans.factory.support.AbstractAutowireCapableBeanFactory.createBeanInstance(AbstractAutowireCapableBeanFactory.java:1205) ~[spring-beans-6.2.17.jar:6.2.17]
	at org.springframework.beans.factory.support.AbstractAutowireCapableBeanFactory.doCreateBean(AbstractAutowireCapableBeanFactory.java:569) ~[spring-beans-6.2.17.jar:6.2.17]
	at org.springframework.beans.factory.support.AbstractAutowireCapableBeanFactory.createBean(AbstractAutowireCapableBeanFactory.java:529) ~[spring-beans-6.2.17.jar:6.2.17]
	at org.springframework.beans.factory.support.AbstractBeanFactory.lambda$doGetBean$0(AbstractBeanFactory.java:339) ~[spring-beans-6.2.17.jar:6.2.17]
	at org.springframework.beans.factory.support.DefaultSingletonBeanRegistry.getSingleton(DefaultSingletonBeanRegistry.java:373) ~[spring-beans-6.2.17.jar:6.2.17]
	at org.springframework.beans.factory.support.AbstractBeanFactory.doGetBean(AbstractBeanFactory.java:337) ~[spring-beans-6.2.17.jar:6.2.17]
	at org.springframework.beans.factory.support.AbstractBeanFactory.getBean(AbstractBeanFactory.java:207) ~[spring-beans-6.2.17.jar:6.2.17]
	at org.springframework.context.support.AbstractApplicationContext.finishBeanFactoryInitialization(AbstractApplicationContext.java:974) ~[spring-context-6.2.17.jar:6.2.17]
	at org.springframework.context.support.AbstractApplicationContext.refresh(AbstractApplicationContext.java:628) ~[spring-context-6.2.17.jar:6.2.17]
	at org.springframework.boot.web.servlet.context.ServletWebServerApplicationContext.refresh(ServletWebServerApplicationContext.java:146) ~[spring-boot-3.5.14.jar:3.5.14]
	at org.springframework.boot.SpringApplication.refresh(SpringApplication.java:752) [spring-boot-3.5.14.jar:3.5.14]
	at org.springframework.boot.SpringApplication.refreshContext(SpringApplication.java:439) [spring-boot-3.5.14.jar:3.5.14]
	at org.springframework.boot.SpringApplication.run(SpringApplication.java:318) [spring-boot-3.5.14.jar:3.5.14]
	at org.springframework.boot.SpringApplication.run(SpringApplication.java:1361) [spring-boot-3.5.14.jar:3.5.14]
	at org.springframework.boot.SpringApplication.run(SpringApplication.java:1350) [spring-boot-3.5.14.jar:3.5.14]
	at com.santander.cpe.nxhbsc.cpenxhbscbeproducoffering.OpenApiGeneratorApplication.main(OpenApiGeneratorApplication.java:17) [classes/:1.0.1-SNAPSHOT]
	at java.base/jdk.internal.reflect.NativeMethodAccessorImpl.invoke0(Native Method) ~[?:?]
	at java.base/jdk.internal.reflect.NativeMethodAccessorImpl.invoke(NativeMethodAccessorImpl.java:77) ~[?:?]
	at java.base/jdk.internal.reflect.DelegatingMethodAccessorImpl.invoke(DelegatingMethodAccessorImpl.java:43) ~[?:?]
	at java.base/java.lang.reflect.Method.invoke(Method.java:569) ~[?:?]
	at org.springframework.boot.loader.launch.Launcher.launch(Launcher.java:106) [app/:?]
	at org.springframework.boot.loader.launch.Launcher.launch(Launcher.java:64) [app/:?]
	at org.springframework.boot.loader.launch.JarLauncher.main(JarLauncher.java:40) [app/:?]
Caused by: org.springframework.beans.factory.BeanCreationException: Error creating bean with name 'dataSource' defined in class path resource [org/springframework/boot/autoconfigure/jdbc/DataSourceConfiguration$Hikari.class]: Failed to instantiate [com.zaxxer.hikari.HikariDataSource]: Factory method 'dataSource' threw exception with message: Cannot load driver class: org.postgresql.Driver
	at org.springframework.beans.factory.support.ConstructorResolver.instantiate(ConstructorResolver.java:657) ~[spring-beans-6.2.17.jar:6.2.17]
	at org.springframework.beans.factory.support.ConstructorResolver.instantiateUsingFactoryMethod(ConstructorResolver.java:645) ~[spring-beans-6.2.17.jar:6.2.17]
	at org.springframework.beans.factory.support.AbstractAutowireCapableBeanFactory.instantiateUsingFactoryMethod(AbstractAutowireCapableBeanFactory.java:1375) ~[spring-beans-6.2.17.jar:6.2.17]
	at org.springframework.beans.factory.support.AbstractAutowireCapableBeanFactory.createBeanInstance(AbstractAutowireCapableBeanFactory.java:1205) ~[spring-beans-6.2.17.jar:6.2.17]
	at org.springframework.beans.factory.support.AbstractAutowireCapableBeanFactory.doCreateBean(AbstractAutowireCapableBeanFactory.java:569) ~[spring-beans-6.2.17.jar:6.2.17]
	at org.springframework.beans.factory.support.AbstractAutowireCapableBeanFactory.createBean(AbstractAutowireCapableBeanFactory.java:529) ~[spring-beans-6.2.17.jar:6.2.17]
	at org.springframework.beans.factory.support.AbstractBeanFactory.lambda$doGetBean$0(AbstractBeanFactory.java:339) ~[spring-beans-6.2.17.jar:6.2.17]
	at org.springframework.beans.factory.support.DefaultSingletonBeanRegistry.getSingleton(DefaultSingletonBeanRegistry.java:373) ~[spring-beans-6.2.17.jar:6.2.17]
	at org.springframework.beans.factory.support.AbstractBeanFactory.doGetBean(AbstractBeanFactory.java:337) ~[spring-beans-6.2.17.jar:6.2.17]
	at org.springframework.beans.factory.support.AbstractBeanFactory.getBean(AbstractBeanFactory.java:202) ~[spring-beans-6.2.17.jar:6.2.17]
	at org.springframework.beans.factory.support.DefaultListableBeanFactory.doResolveDependency(DefaultListableBeanFactory.java:1708) ~[spring-beans-6.2.17.jar:6.2.17]
	at org.springframework.beans.factory.support.DefaultListableBeanFactory.resolveDependency(DefaultListableBeanFactory.java:1653) ~[spring-beans-6.2.17.jar:6.2.17]
	at org.springframework.beans.factory.support.ConstructorResolver.resolveAutowiredArgument(ConstructorResolver.java:913) ~[spring-beans-6.2.17.jar:6.2.17]
	at org.springframework.beans.factory.support.ConstructorResolver.createArgumentArray(ConstructorResolver.java:791) ~[spring-beans-6.2.17.jar:6.2.17]
	... 34 more
Caused by: org.springframework.beans.BeanInstantiationException: Failed to instantiate [com.zaxxer.hikari.HikariDataSource]: Factory method 'dataSource' threw exception with message: Cannot load driver class: org.postgresql.Driver
	at org.springframework.beans.factory.support.SimpleInstantiationStrategy.lambda$instantiate$0(SimpleInstantiationStrategy.java:200) ~[spring-beans-6.2.17.jar:6.2.17]
	at org.springframework.beans.factory.support.SimpleInstantiationStrategy.instantiateWithFactoryMethod(SimpleInstantiationStrategy.java:89) ~[spring-beans-6.2.17.jar:6.2.17]
	at org.springframework.beans.factory.support.SimpleInstantiationStrategy.instantiate(SimpleInstantiationStrategy.java:169) ~[spring-beans-6.2.17.jar:6.2.17]
	at org.springframework.beans.factory.support.ConstructorResolver.instantiate(ConstructorResolver.java:653) ~[spring-beans-6.2.17.jar:6.2.17]
	at org.springframework.beans.factory.support.ConstructorResolver.instantiateUsingFactoryMethod(ConstructorResolver.java:645) ~[spring-beans-6.2.17.jar:6.2.17]
	at org.springframework.beans.factory.support.AbstractAutowireCapableBeanFactory.instantiateUsingFactoryMethod(AbstractAutowireCapableBeanFactory.java:1375) ~[spring-beans-6.2.17.jar:6.2.17]
	at org.springframework.beans.factory.support.AbstractAutowireCapableBeanFactory.createBeanInstance(AbstractAutowireCapableBeanFactory.java:1205) ~[spring-beans-6.2.17.jar:6.2.17]
	at org.springframework.beans.factory.support.AbstractAutowireCapableBeanFactory.doCreateBean(AbstractAutowireCapableBeanFactory.java:569) ~[spring-beans-6.2.17.jar:6.2.17]
	at org.springframework.beans.factory.support.AbstractAutowireCapableBeanFactory.createBean(AbstractAutowireCapableBeanFactory.java:529) ~[spring-beans-6.2.17.jar:6.2.17]
	at org.springframework.beans.factory.support.AbstractBeanFactory.lambda$doGetBean$0(AbstractBeanFactory.java:339) ~[spring-beans-6.2.17.jar:6.2.17]
	at org.springframework.beans.factory.support.DefaultSingletonBeanRegistry.getSingleton(DefaultSingletonBeanRegistry.java:373) ~[spring-beans-6.2.17.jar:6.2.17]
	at org.springframework.beans.factory.support.AbstractBeanFactory.doGetBean(AbstractBeanFactory.java:337) ~[spring-beans-6.2.17.jar:6.2.17]
	at org.springframework.beans.factory.support.AbstractBeanFactory.getBean(AbstractBeanFactory.java:202) ~[spring-beans-6.2.17.jar:6.2.17]
	at org.springframework.beans.factory.support.DefaultListableBeanFactory.doResolveDependency(DefaultListableBeanFactory.java:1708) ~[spring-beans-6.2.17.jar:6.2.17]
	at org.springframework.beans.factory.support.DefaultListableBeanFactory.resolveDependency(DefaultListableBeanFactory.java:1653) ~[spring-beans-6.2.17.jar:6.2.17]
	at org.springframework.beans.factory.support.ConstructorResolver.resolveAutowiredArgument(ConstructorResolver.java:913) ~[spring-beans-6.2.17.jar:6.2.17]
	at org.springframework.beans.factory.support.ConstructorResolver.createArgumentArray(ConstructorResolver.java:791) ~[spring-beans-6.2.17.jar:6.2.17]
	... 34 more
Caused by: java.lang.IllegalStateException: Cannot load driver class: org.postgresql.Driver
	at org.springframework.util.Assert.state(Assert.java:101) ~[spring-core-6.2.17.jar:6.2.17]
	at org.springframework.boot.autoconfigure.jdbc.DataSourceProperties.findDriverClassName(DataSourceProperties.java:184) ~[spring-boot-autoconfigure-3.5.13.jar:3.5.13]
	at org.springframework.boot.autoconfigure.jdbc.DataSourceProperties.determineDriverClassName(DataSourceProperties.java:174) ~[spring-boot-autoconfigure-3.5.13.jar:3.5.13]
	at org.springframework.boot.autoconfigure.jdbc.PropertiesJdbcConnectionDetails.getDriverClassName(PropertiesJdbcConnectionDetails.java:49) ~[spring-boot-autoconfigure-3.5.13.jar:3.5.13]
	at org.springframework.boot.autoconfigure.jdbc.DataSourceConfiguration.createDataSource(DataSourceConfiguration.java:62) ~[spring-boot-autoconfigure-3.5.13.jar:3.5.13]
	at org.springframework.boot.autoconfigure.jdbc.DataSourceConfiguration$Hikari.dataSource(DataSourceConfiguration.java:127) ~[spring-boot-autoconfigure-3.5.13.jar:3.5.13]
	at java.base/jdk.internal.reflect.NativeMethodAccessorImpl.invoke0(Native Method) ~[?:?]
	at java.base/jdk.internal.reflect.NativeMethodAccessorImpl.invoke(NativeMethodAccessorImpl.java:77) ~[?:?]
	at java.base/jdk.internal.reflect.DelegatingMethodAccessorImpl.invoke(DelegatingMethodAccessorImpl.java:43) ~[?:?]
	at java.base/java.lang.reflect.Method.invoke(Method.java:569) ~[?:?]
	at org.springframework.beans.factory.support.SimpleInstantiationStrategy.lambda$instantiate$0(SimpleInstantiationStrategy.java:172) ~[spring-beans-6.2.17.jar:6.2.17]
	at org.springframework.beans.factory.support.SimpleInstantiationStrategy.instantiateWithFactoryMethod(SimpleInstantiationStrategy.java:89) ~[spring-beans-6.2.17.jar:6.2.17]
	at org.springframework.beans.factory.support.SimpleInstantiationStrategy.instantiate(SimpleInstantiationStrategy.java:169) ~[spring-beans-6.2.17.jar:6.2.17]
	at org.springframework.beans.factory.support.ConstructorResolver.instantiate(ConstructorResolver.java:653) ~[spring-beans-6.2.17.jar:6.2.17]
	at org.springframework.beans.factory.support.ConstructorResolver.instantiateUsingFactoryMethod(ConstructorResolver.java:645) ~[spring-beans-6.2.17.jar:6.2.17]
	at org.springframework.beans.factory.support.AbstractAutowireCapableBeanFactory.instantiateUsingFactoryMethod(AbstractAutowireCapableBeanFactory.java:1375) ~[spring-beans-6.2.17.jar:6.2.17]
	at org.springframework.beans.factory.support.AbstractAutowireCapableBeanFactory.createBeanInstance(AbstractAutowireCapableBeanFactory.java:1205) ~[spring-beans-6.2.17.jar:6.2.17]
	at org.springframework.beans.factory.support.AbstractAutowireCapableBeanFactory.doCreateBean(AbstractAutowireCapableBeanFactory.java:569) ~[spring-beans-6.2.17.jar:6.2.17]
	at org.springframework.beans.factory.support.AbstractAutowireCapableBeanFactory.createBean(AbstractAutowireCapableBeanFactory.java:529) ~[spring-beans-6.2.17.jar:6.2.17]
	at org.springframework.beans.factory.support.AbstractBeanFactory.lambda$doGetBean$0(AbstractBeanFactory.java:339) ~[spring-beans-6.2.17.jar:6.2.17]
	at org.springframework.beans.factory.support.DefaultSingletonBeanRegistry.getSingleton(DefaultSingletonBeanRegistry.java:373) ~[spring-beans-6.2.17.jar:6.2.17]
	at org.springframework.beans.factory.support.AbstractBeanFactory.doGetBean(AbstractBeanFactory.java:337) ~[spring-beans-6.2.17.jar:6.2.17]
	at org.springframework.beans.factory.support.AbstractBeanFactory.getBean(AbstractBeanFactory.java:202) ~[spring-beans-6.2.17.jar:6.2.17]
	at org.springframework.beans.factory.support.DefaultListableBeanFactory.doResolveDependency(DefaultListableBeanFactory.java:1708) ~[spring-beans-6.2.17.jar:6.2.17]
	at org.springframework.beans.factory.support.DefaultListableBeanFactory.resolveDependency(DefaultListableBeanFactory.java:1653) ~[spring-beans-6.2.17.jar:6.2.17]
	at org.springframework.beans.factory.support.ConstructorResolver.resolveAutowiredArgument(ConstructorResolver.java:913) ~[spring-beans-6.2.17.jar:6.2.17]
	at org.springframework.beans.factory.support.ConstructorResolver.createArgumentArray(ConstructorResolver.java:791) ~[spring-beans-6.2.17.jar:6.2.17]
	... 34 more

